cargo :  Downloading crates ...
At line:1 char:1
+ cargo test --lib 2>&1 > test_output.txt ; type test_output.txt
+ ~~~~~~~~~~~~~~~~~~~~~~~~~~~~~~~~~~~~~~~
    + CategoryInfo          : NotSpecified: ( Downloading crates ...:String) [ 
   ], RemoteException
    + FullyQualifiedErrorId : NativeCommandError
 
  Downloaded fastrand v2.3.0
  Downloaded tempfile v3.27.0
  Downloaded rustls-pemfile v2.2.0
  Downloaded winapi v0.3.9
   Compiling serde_core v1.0.228
   Compiling stable_deref_trait v1.2.1
   Compiling phf_shared v0.11.3
   Compiling siphasher v0.3.11
   Compiling synstructure v0.13.2
   Compiling zerovec-derive v0.11.3
   Compiling displaydoc v0.2.5
   Compiling thiserror-impl v2.0.18
   Compiling darling_core v0.23.0
   Compiling serde v1.0.228
   Compiling syn v1.0.109
   Compiling getrandom v0.4.2
   Compiling new_debug_unreachable v1.0.6
   Compiling precomputed-hash v0.1.1
   Compiling mac v0.1.1
   Compiling semver v1.0.27
   Compiling dtoa v1.0.11
   Compiling utf-8 v0.7.6
   Compiling bitflags v1.3.2
   Compiling phf_generator v0.11.3
   Compiling dtoa-short v0.3.5
   Compiling cssparser-macros v0.6.1
   Compiling ctor v0.2.9
   Compiling windows-interface v0.59.3
   Compiling windows-implement v0.60.2
   Compiling string_cache_codegen v0.5.4
   Compiling phf_codegen v0.11.3
   Compiling uuid v1.23.0
   Compiling nodrop v0.1.14
   Compiling phf_macros v0.11.3
   Compiling phf_shared v0.8.0
   Compiling phf_shared v0.10.0
   Compiling futf v0.1.5
   Compiling matches v0.1.10
   Compiling servo_arc v0.2.0
   Compiling phf_generator v0.8.0
   Compiling tendril v0.4.3
   Compiling phf_generator v0.10.0
   Compiling string_cache v0.8.9
   Compiling phf v0.8.0
   Compiling derive_more v0.99.20
   Compiling camino v1.2.2
   Compiling indexmap v1.9.3
   Compiling zerofrom-derive v0.1.7
   Compiling yoke-derive v0.8.2
   Compiling phf_codegen v0.8.0
   Compiling match_token v0.1.0
   Compiling serde_derive_internals v0.29.1
   Compiling fxhash v0.2.1
   Compiling markup5ever v0.14.1
   Compiling vswhom-sys v0.1.3
   Compiling hashbrown v0.12.3
   Compiling hashbrown v0.16.1
   Compiling equivalent v1.0.2
   Compiling selectors v0.24.0
   Compiling windows-core v0.61.2
   Compiling schemars v0.8.22
   Compiling phf v0.11.3
   Compiling cfb v0.7.3
   Compiling cargo-platform v0.1.9
   Compiling jsonptr v0.6.3
   Compiling serde_json v1.0.149
   Compiling dyn-clone v1.0.20
   Compiling winreg v0.55.0
   Compiling rustc_version v0.4.1
   Compiling thiserror v2.0.18
   Compiling indexmap v2.13.0
   Compiling json-patch v3.0.1
   Compiling infer v0.19.0
   Compiling cargo_metadata v0.19.2
   Compiling windows-future v0.2.1
   Compiling windows-collections v0.2.0
   Compiling windows-numerics v0.2.0
   Compiling webview2-com-sys v0.38.2
   Compiling cargo_toml v0.22.3
   Compiling schemars_derive v0.8.22
   Compiling webview2-com-macros v0.8.1
   Compiling png v0.17.16
   Compiling windows v0.61.3
   Compiling vswhom v0.1.0
   Compiling num-traits v0.2.19
   Compiling softbuffer v0.4.8
   Compiling embed-resource v3.0.8
   Compiling zerofrom v0.1.7
   Compiling windows-sys v0.59.0
   Compiling serialize-to-javascript-impl v0.1.2
   Compiling serde_repr v0.1.20
   Compiling fastrand v2.3.0
   Compiling tauri-winres v0.3.5
   Compiling yoke v0.8.2
   Compiling html5ever v0.29.1
   Compiling toml_datetime v0.7.5+spec-1.1.0
   Compiling bitflags v2.11.0
   Compiling zerovec v0.11.6
   Compiling zerotrie v0.2.4
   Compiling dpi v0.1.2
   Compiling erased-serde v0.4.10
   Compiling serde_spanned v1.1.1
   Compiling darling_macro v0.23.0
   Compiling bincode v1.3.3
   Compiling ico v0.5.0
   Compiling toml v0.9.12+spec-1.1.0
   Compiling keyboard-types v0.7.0
   Compiling window-vibrancy v0.6.0
   Compiling tempfile v3.27.0
   Compiling rustls-pemfile v2.2.0
   Compiling tinystr v0.8.3
   Compiling darling v0.23.0
   Compiling potential_utf v0.1.5
   Compiling serde-untagged v0.1.9
   Compiling icu_locale_core v2.2.0
   Compiling icu_collections v2.2.0
   Compiling proto v0.1.0 (C:\Users\SAKSHAM\Wifly\proto)
   Compiling serde_with_macros v3.18.0
   Compiling serialize-to-javascript v0.1.2
   Compiling muda v0.17.1
   Compiling wfp-callout v0.1.0 (C:\Users\SAKSHAM\Wifly\wfp-callout)
warning: unused doc comment
  --> wfp-callout\src\callout.rs:19:1
   |
19 | / /// Global packet tracker for concurrent packet state management
20 | | /// Initialized with max 2000 packets and 1 second timeout
   | |_---------------------------------------------------------^
   |   |
   |   rustdoc does not generate documentation for macro invocations
   |
   = help: to document an item produced by a macro, the macro must produce the 
documentation as part of its expansion
   = note: `#[warn(unused_doc_comments)]` (part of `#[warn(unused)]`) on by 
default

warning: unused doc comment
  --> wfp-callout\src\callout.rs:27:1
   |
27 | / /// Global packet injector for sending TCP RST and ICMP responses
28 | | /// Wrapped in Mutex for safe concurrent access
   | |_----------------------------------------------^
   |   |
   |   rustdoc does not generate documentation for macro invocations
   |
   = help: to document an item produced by a macro, the macro must produce the 
documentation as part of its expansion

warning: struct `InjectionContext` is never constructed
  --> wfp-callout\src\packet_injector.rs:13:12
   |
13 | pub struct InjectionContext {
   |            ^^^^^^^^^^^^^^^^
   |
   = note: `#[warn(dead_code)]` (part of `#[warn(unused)]`) on by default

warning: enum `InjectionType` is never used
  --> wfp-callout\src\packet_injector.rs:22:10
   |
22 | pub enum InjectionType {
   |          ^^^^^^^^^^^^^

   Compiling icu_provider v2.2.0
   Compiling cssparser v0.29.6
   Compiling phf_macros v0.10.0
   Compiling serde_with v3.18.0
   Compiling chrono v0.4.44
   Compiling icu_properties v2.2.0
   Compiling icu_normalizer v2.2.0
warning: `wfp-callout` (lib test) generated 4 warnings
   Compiling phf v0.10.1
   Compiling idna_adapter v1.2.1
   Compiling idna v1.1.0
   Compiling url v2.5.8
   Compiling crypto v0.1.0 (C:\Users\SAKSHAM\Wifly\crypto)
   Compiling urlpattern v0.3.0
   Compiling tauri-utils v2.8.3
   Compiling kuchikiki v0.8.8-speedreader
   Compiling tauri-build v2.5.6
   Compiling tauri-codegen v2.5.5
   Compiling tauri v2.10.3
   Compiling ui v0.1.0 (C:\Users\SAKSHAM\Wifly\ui)
   Compiling tauri-macros v2.5.5
error: failed to run custom build command for `ui v0.1.0 
(C:\Users\SAKSHAM\Wifly\ui)`

Caused by:
  process didn't exit successfully: `C:\Users\SAKSHAM\Wifly\target\debug\build\
ui-bb876b581fd407b3\build-script-build` (exit code: 1)
  --- stdout
  cargo:rerun-if-env-changed=TAURI_CONFIG
  cargo:rustc-check-cfg=cfg(desktop)
  cargo:rustc-cfg=desktop
  cargo:rustc-check-cfg=cfg(mobile)
  cargo:rerun-if-changed=C:\Users\SAKSHAM\Wifly\ui\tauri.conf.json
  cargo:rustc-env=TAURI_ANDROID_PACKAGE_NAME_APP_NAME=dev
  cargo:rustc-env=TAURI_ANDROID_PACKAGE_NAME_PREFIX=com_netshaper
  cargo:rustc-check-cfg=cfg(dev)
  cargo:rustc-cfg=dev
  cargo:PERMISSION_FILES_PATH=C:\Users\SAKSHAM\Wifly\target\debug\build\ui-657d
e0d0411fa269\out\app-manifest\__app__-permission-files
  cargo:rerun-if-changed=capabilities
  cargo:rerun-if-env-changed=REMOVE_UNUSED_COMMANDS
  cargo:rustc-env=TAURI_ENV_TARGET_TRIPLE=x86_64-pc-windows-msvc
  package.metadata does not exist
  `icons/icon.ico` not found; required for generating a Windows Resource file 
during tauri-build
warning: build failed, waiting for other jobs to finish...
